
[19:16:04 UTC] [INFO] Checking if plugin directory clearing is needed
[19:16:34 UTC] [INFO] Checking if plugin directory clearing is needed
[19:16:50 UTC] [INFO] Checking if plugin directory clearing is needed
[19:17:22 UTC] [INFO] Checking if plugin directory clearing is needed
[19:17:35 UTC] [INFO] Checking if plugin directory clearing is needed
[19:17:39 UTC] [INFO] Checking if plugin directory clearing is needed
[19:20:10 UTC] [INFO] Checking if plugin directory clearing is needed
[19:22:31 UTC] [INFO] Checking if plugin directory clearing is needed
[19:47:45 UTC] [INFO] Checking if plugin directory clearing is needed
[07:50:28 UTC] [SUCCESS] {"required_plugins":{"active":[],"inactive":[],"notinstalled":[]},"third_party_required_plugins":[],"update_avilable_plugins":[],"incompatible_plugins":[],"error":false} | Context: {"required_plugins":{"active":[],"inactive":[],"notinstalled":[]},"third_party_required_plugins":[],"update_avilable_plugins":[],"incompatible_plugins":[],"error":false}
[07:50:36 UTC] [INFO] Starting Elementor page import for post ID: 43090
[07:50:37 UTC] [SUCCESS] Elementor page imported successfully for post ID: 43090
[07:57:40 UTC] [SUCCESS] {"required_plugins":{"active":[],"inactive":[],"notinstalled":[]},"third_party_required_plugins":[],"update_avilable_plugins":[],"incompatible_plugins":[],"error":false} | Context: {"required_plugins":{"active":[],"inactive":[],"notinstalled":[]},"third_party_required_plugins":[],"update_avilable_plugins":[],"incompatible_plugins":[],"error":false}
[07:57:44 UTC] [INFO] Starting Elementor page import for post ID: 43099
[07:57:44 UTC] [SUCCESS] Elementor page imported successfully for post ID: 43099
[08:46:15 UTC] [SUCCESS] {"required_plugins":{"active":[],"inactive":[],"notinstalled":[]},"third_party_required_plugins":[],"update_avilable_plugins":[],"incompatible_plugins":[],"error":false} | Context: {"required_plugins":{"active":[],"inactive":[],"notinstalled":[]},"third_party_required_plugins":[],"update_avilable_plugins":[],"incompatible_plugins":[],"error":false}
[08:46:20 UTC] [INFO] Starting Elementor page import for post ID: 37043
[08:46:21 UTC] [SUCCESS] Elementor page imported successfully for post ID: 37043
[09:15:41 UTC] [INFO] Checking if plugin directory clearing is needed
[09:15:49 UTC] [INFO] Checking if plugin directory clearing is needed
[09:16:00 UTC] [INFO] Checking if plugin directory clearing is needed
[11:52:51 UTC] [SUCCESS] {"required_plugins":{"active":[{"slug":"wpforms-lite","init":"wpforms-lite\/wpforms.php","name":"WPForms Lite"}],"inactive":[],"notinstalled":[]},"third_party_required_plugins":[],"update_avilable_plugins":[],"incompatible_plugins":[],"error":false} | Context: {"required_plugins":{"active":[{"slug":"wpforms-lite","init":"wpforms-lite\/wpforms.php","name":"WPForms Lite"}],"inactive":[],"notinstalled":[]},"third_party_required_plugins":[],"update_avilable_plugins":[],"incompatible_plugins":[],"error":false}
[11:52:56 UTC] [INFO] ---

[11:52:56 UTC] [INFO] Starting WP Forms import process
[11:52:56 UTC] [INFO] Retrieved WPForms URL for Elementor template: https://websitedemos.net/wp-content/uploads/astra-sites/1/wpforms-43983.json
[11:52:56 UTC] [INFO] info | Context: {"file_url":"https:\/\/websitedemos.net\/wp-content\/uploads\/astra-sites\/1\/wpforms-43983.json","timeout_seconds":300}
[11:52:57 UTC] [INFO] success | Context: {"file_url":"https:\/\/websitedemos.net\/wp-content\/uploads\/astra-sites\/1\/wpforms-43983.json","file_size":1655,"uploaded_file":"\/home\/u313449593\/domains\/digitechleads.com\/public_html\/wp-content\/uploads\/2026\/02\/wpforms-43983.json"}
[11:52:57 UTC] [SUCCESS] File downloaded successfully from: https://websitedemos.net/wp-content/uploads/astra-sites/1/wpforms-43983.json
[11:52:57 UTC] [INFO] Checking if WPForms is already loaded
[11:52:57 UTC] [INFO] WPForms is already loaded and ready
[11:52:57 UTC] [INFO] WPForms ID mappings saved: 1 mappings
[11:52:57 UTC] [SUCCESS] WP Forms Imported. | Context: {"message":"WP Forms Imported.","mapping":{"29461":108}}
[11:52:57 UTC] [INFO] Starting Elementor page import for post ID: 43983
[11:52:57 UTC] [INFO] Updating WPForms IDs in Elementor page - Total mappings: 1
[11:52:59 UTC] [SUCCESS] Elementor page imported successfully for post ID: 43983
[00:18:44 UTC] [SUCCESS] {"required_plugins":{"active":[],"inactive":[],"notinstalled":[{"slug":"ultimate-addons-for-gutenberg","init":"ultimate-addons-for-gutenberg\/ultimate-addons-for-gutenberg.php","name":"Spectra","action":"https:\/\/digitechleads.com\/wp-admin\/update.php?action=install-plugin&plugin=ultimate-addons-for-gutenberg&_wpnonce=ce1986c93f"},{"slug":"sureforms","init":"sureforms\/sureforms.php","name":"SureForms","action":"https:\/\/digitechleads.com\/wp-admin\/update.php?action=install-plugin&plugin=sureforms&_wpnonce=f13e529fc7"}]},"third_party_required_plugins":[],"update_avilable_plugins":[],"incompatible_plugins":[],"error":false} | Context: {"required_plugins":{"active":[],"inactive":[],"notinstalled":[{"slug":"ultimate-addons-for-gutenberg","init":"ultimate-addons-for-gutenberg\/ultimate-addons-for-gutenberg.php","name":"Spectra","action":"https:\/\/digitechleads.com\/wp-admin\/update.php?action=install-plugin&plugin=ultimate-addons-for-gutenberg&_wpnonce=ce1986c93f"},{"slug":"sureforms","init":"sureforms\/sureforms.php","name":"SureForms","action":"https:\/\/digitechleads.com\/wp-admin\/update.php?action=install-plugin&plugin=sureforms&_wpnonce=f13e529fc7"}]},"third_party_required_plugins":[],"update_avilable_plugins":[],"incompatible_plugins":[],"error":false}
[00:18:45 UTC] [SUCCESS] {"permissions":{"is_readable":true,"is_writable":true,"is_wp_filesystem":true},"directory":"\/home\/u313449593\/domains\/digitechleads.com\/public_html\/wp-content\/uploads"} | Context: {"permissions":{"is_readable":true,"is_writable":true,"is_wp_filesystem":true},"directory":"\/home\/u313449593\/domains\/digitechleads.com\/public_html\/wp-content\/uploads"}
[00:19:29 UTC] [SUCCESS] {"required_plugins":{"active":[],"inactive":[],"notinstalled":[{"slug":"ultimate-addons-for-gutenberg","init":"ultimate-addons-for-gutenberg\/ultimate-addons-for-gutenberg.php","name":"Spectra","action":"https:\/\/digitechleads.com\/wp-admin\/update.php?action=install-plugin&plugin=ultimate-addons-for-gutenberg&_wpnonce=ce1986c93f"},{"slug":"sureforms","init":"sureforms\/sureforms.php","name":"SureForms","action":"https:\/\/digitechleads.com\/wp-admin\/update.php?action=install-plugin&plugin=sureforms&_wpnonce=f13e529fc7"}]},"third_party_required_plugins":[],"update_avilable_plugins":[],"incompatible_plugins":[],"error":false} | Context: {"required_plugins":{"active":[],"inactive":[],"notinstalled":[{"slug":"ultimate-addons-for-gutenberg","init":"ultimate-addons-for-gutenberg\/ultimate-addons-for-gutenberg.php","name":"Spectra","action":"https:\/\/digitechleads.com\/wp-admin\/update.php?action=install-plugin&plugin=ultimate-addons-for-gutenberg&_wpnonce=ce1986c93f"},{"slug":"sureforms","init":"sureforms\/sureforms.php","name":"SureForms","action":"https:\/\/digitechleads.com\/wp-admin\/update.php?action=install-plugin&plugin=sureforms&_wpnonce=f13e529fc7"}]},"third_party_required_plugins":[],"update_avilable_plugins":[],"incompatible_plugins":[],"error":false}
[00:19:29 UTC] [SUCCESS] {"permissions":{"is_readable":true,"is_writable":true,"is_wp_filesystem":true},"directory":"\/home\/u313449593\/domains\/digitechleads.com\/public_html\/wp-content\/uploads"} | Context: {"permissions":{"is_readable":true,"is_writable":true,"is_wp_filesystem":true},"directory":"\/home\/u313449593\/domains\/digitechleads.com\/public_html\/wp-content\/uploads"}
[18:54:41 UTC] [INFO] Checking if plugin directory clearing is needed
[18:56:40 UTC] [INFO] Checking if plugin directory clearing is needed
[18:56:47 UTC] [INFO] Checking if plugin directory clearing is needed
[18:56:55 UTC] [INFO] Checking if plugin directory clearing is needed
[18:57:03 UTC] [INFO] Checking if plugin directory clearing is needed
[18:57:08 UTC] [INFO] Checking if plugin directory clearing is needed
[18:57:16 UTC] [INFO] Checking if plugin directory clearing is needed
[18:57:22 UTC] [INFO] Checking if plugin directory clearing is needed
[18:57:26 UTC] [INFO] Checking if plugin directory clearing is needed
[18:57:33 UTC] [INFO] Checking if plugin directory clearing is needed
[18:57:40 UTC] [INFO] Checking if plugin directory clearing is needed
[18:58:39 UTC] [INFO] Checking if plugin directory clearing is needed